  dmnelf003 CEN/orig best: r=+0.056
  dmnelf003 CEN/orig frontal: r=+0.179
  dmnelf003 CEN/orig all: r=+0.059
  dmnelf003 CEN/orig epoc: r=+0.129
  dmnelf003 CEN/orig epoc_afproxy: r=+0.167
  dmnelf003 DMN/orig best: r=-0.005
  dmnelf003 DMN/orig frontal: r=+0.006
  dmnelf003 DMN/orig all: r=-0.010
  dmnelf003 DMN/orig epoc: r=-0.066
  dmnelf003 DMN/orig epoc_afproxy: r=-0.065
  dmnelf003 PDA/orig best: r=+0.148
  dmnelf003 PDA/orig frontal: r=+0.207
  dmnelf003 PDA/orig all: r=+0.093
  dmnelf003 PDA/orig epoc: r=+0.152
  dmnelf003 PDA/orig epoc_afproxy: r=+0.177
  dmnelf003 CEN/clean best: r=-0.161
  dmnelf003 CEN/clean frontal: r=-0.146
  dmnelf003 CEN/clean all: r=-0.136
  dmnelf003 CEN/clean epoc: r=-0.131
  dmnelf003 CEN/clean epoc_afproxy: r=-0.129
  dmnelf003 DMN/clean best: r=+0.001
  dmnelf003 DMN/clean frontal: r=-0.012
  dmnelf003 DMN/clean all: r=-0.017
  dmnelf003 DMN/clean epoc: r=-0.021
  dmnelf003 DMN/clean epoc_afproxy: r=-0.016
  dmnelf003 PDA/clean best: r=-0.142
  dmnelf003 PDA/clean frontal: r=-0.150
  dmnelf003 PDA/clean all: r=-0.150
  dmnelf003 PDA/clean epoc: r=-0.140
  dmnelf003 PDA/clean epoc_afproxy: r=-0.140
