  dmnelf002 CEN/orig best: r=+0.131
  dmnelf002 CEN/orig frontal: r=+0.008
  dmnelf002 CEN/orig all: r=+0.139
  dmnelf002 CEN/orig epoc: r=+0.116
  dmnelf002 CEN/orig epoc_afproxy: r=+0.096
  dmnelf002 DMN/orig best: r=+0.067
  dmnelf002 DMN/orig frontal: r=+0.163
  dmnelf002 DMN/orig all: r=+0.237
  dmnelf002 DMN/orig epoc: r=+0.190
  dmnelf002 DMN/orig epoc_afproxy: r=+0.194
  dmnelf002 PDA/orig best: r=+0.082
  dmnelf002 PDA/orig frontal: r=+0.057
  dmnelf002 PDA/orig all: r=+0.107
  dmnelf002 PDA/orig epoc: r=+0.100
  dmnelf002 PDA/orig epoc_afproxy: r=+0.093
  dmnelf002 CEN/clean best: r=-0.146
  dmnelf002 CEN/clean frontal: r=-0.192
  dmnelf002 CEN/clean all: r=-0.146
  dmnelf002 CEN/clean epoc: r=-0.157
  dmnelf002 CEN/clean epoc_afproxy: r=-0.166
  dmnelf002 DMN/clean best: r=-0.047
  dmnelf002 DMN/clean frontal: r=-0.010
  dmnelf002 DMN/clean all: r=-0.011
  dmnelf002 DMN/clean epoc: r=-0.015
  dmnelf002 DMN/clean epoc_afproxy: r=-0.016
  dmnelf002 PDA/clean best: r=-0.107
  dmnelf002 PDA/clean frontal: r=-0.194
  dmnelf002 PDA/clean all: r=-0.143
  dmnelf002 PDA/clean epoc: r=-0.157
  dmnelf002 PDA/clean epoc_afproxy: r=-0.158
